{"on-demand-depls"=>"-----BEGIN CERTIFICATE-----\nMIIDXDCCAkSgAwIBAgIBATANBgkqhkiG9w0BAQsFADA/MRMwEQYKCZImiZPyLGQB\nGRYDY29tMRYwFAYKCZImiZPyLGQBGRYGb3JhbmdlMRAwDgYDVQQDDAdUZXN0IENB\nMB4XDTE3MDkwODE0NTI1OVoXDTE5MDkwODE0NTI1OVowPzETMBEGCgmSJomT8ixk\nARkWA2NvbTEWMBQGCgmSJomT8ixkARkWBm9yYW5nZTEQMA4GA1UEAwwHVGVzdCBD\nQTCCASIwDQYJKoZIhvcNAQEBBQADggEPADCCAQoCggEBALQTi5oWSpKAY5n9KtyZ\nZlo3TQBL1DWgbTgkDeSortVOL/F2niP9DI81acbIjLo2o572Z41jnz3K6GaSwviJ\nvY/K5XAgE0A66KV3ZJm6eNI7LmLXyxV59q+rtp75NuYQqqdS8FEiKUVDPUD5nJca\nQk/b+b6V/wHXz7KV6A/j/NQb9qaQu4X7WWfCXk2v2JzRd5PdBO2XNuF8WArm3zXG\nVeg3j7rB782iAKjUX93U+VYu3m7DyPQkA/owIHpw7nEaJS7KdDFFDubLwD6d0FG3\nAr9b4ttL83UlJOvvgNBo+zuIuUuOFCBtpYMI9N84fUhkh62jZa4vtfeI0tI9UBIk\nBbECAwEAAaNjMGEwDwYDVR0TAQH/BAUwAwEB/zAOBgNVHQ8BAf8EBAMCAQYwHQYD\nVR0OBBYEFJ+LRoMZCoJoPXETODONOO29xTkAMB8GA1UdIwQYMBaAFJ+LRoMZCoJo\nPXETODONOO29xTkAMA0GCSqGSIb3DQEBCwUAA4IBAQCz0iumGgPuIGttcuFCaHc8\nmBVH7D/yj8otzZAMyz91aiArooUlnzCO9xHtnwIv6qe5V4D4D8YuaIiv/tXD86tL\nVwE2TyfLeTpvHcclRAB+thhbYkVC2GgAbEOeA/JtSLGOhPbgrf/BKdjLTOEqsFJi\nqmpMrzEb08TG9CRiWo68LPu6GE84P3WFXVhC/s0ymlb5cITwTHKOwcVyu+8dIw1I\nwZ5atyWiFB040HeKe+kwxWHEG9L6NT3+R9cCTMpfYCdv4DcUlEt8WNtDcNJa5Cv1\nzVke99FdeG0PzuWmaymHrTRaAAIbjaARrp98mwxtJF1e2ANl9Qli9qiHqI4mX0Qw\n-----END CERTIFICATE-----\n", "micro-depls"=>"-----BEGIN CERTIFICATE-----\nMIIDXDCCAkSgAwIBAgIBATANBgkqhkiG9w0BAQsFADA/MRMwEQYKCZImiZPyLGQB\nGRYDY29tMRYwFAYKCZImiZPyLGQBGRYGb3JhbmdlMRAwDgYDVQQDDAdUZXN0IENB\nMB4XDTE3MDkwODE0NTI1OVoXDTE5MDkwODE0NTI1OVowPzETMBEGCgmSJomT8ixk\nARkWA2NvbTEWMBQGCgmSJomT8ixkARkWBm9yYW5nZTEQMA4GA1UEAwwHVGVzdCBD\nQTCCASIwDQYJKoZIhvcNAQEBBQADggEPADCCAQoCggEBALQTi5oWSpKAY5n9KtyZ\nZlo3TQBL1DWgbTgkDeSortVOL/F2niP9DI81acbIjLo2o572Z41jnz3K6GaSwviJ\nvY/K5XAgE0A66KV3ZJm6eNI7LmLXyxV59q+rtp75NuYQqqdS8FEiKUVDPUD5nJca\nQk/b+b6V/wHXz7KV6A/j/NQb9qaQu4X7WWfCXk2v2JzRd5PdBO2XNuF8WArm3zXG\nVeg3j7rB782iAKjUX93U+VYu3m7DyPQkA/owIHpw7nEaJS7KdDFFDubLwD6d0FG3\nAr9b4ttL83UlJOvvgNBo+zuIuUuOFCBtpYMI9N84fUhkh62jZa4vtfeI0tI9UBIk\nBbECAwEAAaNjMGEwDwYDVR0TAQH/BAUwAwEB/zAOBgNVHQ8BAf8EBAMCAQYwHQYD\nVR0OBBYEFJ+LRoMZCoJoPXETODONOO29xTkAMB8GA1UdIwQYMBaAFJ+LRoMZCoJo\nPXETODONOO29xTkAMA0GCSqGSIb3DQEBCwUAA4IBAQCz0iumGgPuIGttcuFCaHc8\nmBVH7D/yj8otzZAMyz91aiArooUlnzCO9xHtnwIv6qe5V4D4D8YuaIiv/tXD86tL\nVwE2TyfLeTpvHcclRAB+thhbYkVC2GgAbEOeA/JtSLGOhPbgrf/BKdjLTOEqsFJi\nqmpMrzEb08TG9CRiWo68LPu6GE84P3WFXVhC/s0ymlb5cITwTHKOwcVyu+8dIw1I\nwZ5atyWiFB040HeKe+kwxWHEG9L6NT3+R9cCTMpfYCdv4DcUlEt8WNtDcNJa5Cv1\nzVke99FdeG0PzuWmaymHrTRaAAIbjaARrp98mwxtJF1e2ANl9Qli9qiHqI4mX0Qw\n-----END CERTIFICATE-----\n", "master-depls"=>"-----BEGIN CERTIFICATE-----\nMIIDXDCCAkSgAwIBAgIBATANBgkqhkiG9w0BAQsFADA/MRMwEQYKCZImiZPyLGQB\nGRYDY29tMRYwFAYKCZImiZPyLGQBGRYGb3JhbmdlMRAwDgYDVQQDDAdUZXN0IENB\nMB4XDTE3MDkwODE0NTI1OVoXDTE5MDkwODE0NTI1OVowPzETMBEGCgmSJomT8ixk\nARkWA2NvbTEWMBQGCgmSJomT8ixkARkWBm9yYW5nZTEQMA4GA1UEAwwHVGVzdCBD\nQTCCASIwDQYJKoZIhvcNAQEBBQADggEPADCCAQoCggEBALQTi5oWSpKAY5n9KtyZ\nZlo3TQBL1DWgbTgkDeSortVOL/F2niP9DI81acbIjLo2o572Z41jnz3K6GaSwviJ\nvY/K5XAgE0A66KV3ZJm6eNI7LmLXyxV59q+rtp75NuYQqqdS8FEiKUVDPUD5nJca\nQk/b+b6V/wHXz7KV6A/j/NQb9qaQu4X7WWfCXk2v2JzRd5PdBO2XNuF8WArm3zXG\nVeg3j7rB782iAKjUX93U+VYu3m7DyPQkA/owIHpw7nEaJS7KdDFFDubLwD6d0FG3\nAr9b4ttL83UlJOvvgNBo+zuIuUuOFCBtpYMI9N84fUhkh62jZa4vtfeI0tI9UBIk\nBbECAwEAAaNjMGEwDwYDVR0TAQH/BAUwAwEB/zAOBgNVHQ8BAf8EBAMCAQYwHQYD\nVR0OBBYEFJ+LRoMZCoJoPXETODONOO29xTkAMB8GA1UdIwQYMBaAFJ+LRoMZCoJo\nPXETODONOO29xTkAMA0GCSqGSIb3DQEBCwUAA4IBAQCz0iumGgPuIGttcuFCaHc8\nmBVH7D/yj8otzZAMyz91aiArooUlnzCO9xHtnwIv6qe5V4D4D8YuaIiv/tXD86tL\nVwE2TyfLeTpvHcclRAB+thhbYkVC2GgAbEOeA/JtSLGOhPbgrf/BKdjLTOEqsFJi\nqmpMrzEb08TG9CRiWo68LPu6GE84P3WFXVhC/s0ymlb5cITwTHKOwcVyu+8dIw1I\nwZ5atyWiFB040HeKe+kwxWHEG9L6NT3+R9cCTMpfYCdv4DcUlEt8WNtDcNJa5Cv1\nzVke99FdeG0PzuWmaymHrTRaAAIbjaARrp98mwxtJF1e2ANl9Qli9qiHqI4mX0Qw\n-----END CERTIFICATE-----\n", "expe-depls"=>"-----BEGIN CERTIFICATE-----\nMIIDXDCCAkSgAwIBAgIBATANBgkqhkiG9w0BAQsFADA/MRMwEQYKCZImiZPyLGQB\nGRYDY29tMRYwFAYKCZImiZPyLGQBGRYGb3JhbmdlMRAwDgYDVQQDDAdUZXN0IENB\nMB4XDTE3MDkwODE0NTI1OVoXDTE5MDkwODE0NTI1OVowPzETMBEGCgmSJomT8ixk\nARkWA2NvbTEWMBQGCgmSJomT8ixkARkWBm9yYW5nZTEQMA4GA1UEAwwHVGVzdCBD\nQTCCASIwDQYJKoZIhvcNAQEBBQADggEPADCCAQoCggEBALQTi5oWSpKAY5n9KtyZ\nZlo3TQBL1DWgbTgkDeSortVOL/F2niP9DI81acbIjLo2o572Z41jnz3K6GaSwviJ\nvY/K5XAgE0A66KV3ZJm6eNI7LmLXyxV59q+rtp75NuYQqqdS8FEiKUVDPUD5nJca\nQk/b+b6V/wHXz7KV6A/j/NQb9qaQu4X7WWfCXk2v2JzRd5PdBO2XNuF8WArm3zXG\nVeg3j7rB782iAKjUX93U+VYu3m7DyPQkA/owIHpw7nEaJS7KdDFFDubLwD6d0FG3\nAr9b4ttL83UlJOvvgNBo+zuIuUuOFCBtpYMI9N84fUhkh62jZa4vtfeI0tI9UBIk\nBbECAwEAAaNjMGEwDwYDVR0TAQH/BAUwAwEB/zAOBgNVHQ8BAf8EBAMCAQYwHQYD\nVR0OBBYEFJ+LRoMZCoJoPXETODONOO29xTkAMB8GA1UdIwQYMBaAFJ+LRoMZCoJo\nPXETODONOO29xTkAMA0GCSqGSIb3DQEBCwUAA4IBAQCz0iumGgPuIGttcuFCaHc8\nmBVH7D/yj8otzZAMyz91aiArooUlnzCO9xHtnwIv6qe5V4D4D8YuaIiv/tXD86tL\nVwE2TyfLeTpvHcclRAB+thhbYkVC2GgAbEOeA/JtSLGOhPbgrf/BKdjLTOEqsFJi\nqmpMrzEb08TG9CRiWo68LPu6GE84P3WFXVhC/s0ymlb5cITwTHKOwcVyu+8dIw1I\nwZ5atyWiFB040HeKe+kwxWHEG9L6NT3+R9cCTMpfYCdv4DcUlEt8WNtDcNJa5Cv1\nzVke99FdeG0PzuWmaymHrTRaAAIbjaARrp98mwxtJF1e2ANl9Qli9qiHqI4mX0Qw\n-----END CERTIFICATE-----\n", "ops-depls"=>"-----BEGIN CERTIFICATE-----\nMIIDXDCCAkSgAwIBAgIBATANBgkqhkiG9w0BAQsFADA/MRMwEQYKCZImiZPyLGQB\nGRYDY29tMRYwFAYKCZImiZPyLGQBGRYGb3JhbmdlMRAwDgYDVQQDDAdUZXN0IENB\nMB4XDTE3MDkwODE0NTI1OVoXDTE5MDkwODE0NTI1OVowPzETMBEGCgmSJomT8ixk\nARkWA2NvbTEWMBQGCgmSJomT8ixkARkWBm9yYW5nZTEQMA4GA1UEAwwHVGVzdCBD\nQTCCASIwDQYJKoZIhvcNAQEBBQADggEPADCCAQoCggEBALQTi5oWSpKAY5n9KtyZ\nZlo3TQBL1DWgbTgkDeSortVOL/F2niP9DI81acbIjLo2o572Z41jnz3K6GaSwviJ\nvY/K5XAgE0A66KV3ZJm6eNI7LmLXyxV59q+rtp75NuYQqqdS8FEiKUVDPUD5nJca\nQk/b+b6V/wHXz7KV6A/j/NQb9qaQu4X7WWfCXk2v2JzRd5PdBO2XNuF8WArm3zXG\nVeg3j7rB782iAKjUX93U+VYu3m7DyPQkA/owIHpw7nEaJS7KdDFFDubLwD6d0FG3\nAr9b4ttL83UlJOvvgNBo+zuIuUuOFCBtpYMI9N84fUhkh62jZa4vtfeI0tI9UBIk\nBbECAwEAAaNjMGEwDwYDVR0TAQH/BAUwAwEB/zAOBgNVHQ8BAf8EBAMCAQYwHQYD\nVR0OBBYEFJ+LRoMZCoJoPXETODONOO29xTkAMB8GA1UdIwQYMBaAFJ+LRoMZCoJo\nPXETODONOO29xTkAMA0GCSqGSIb3DQEBCwUAA4IBAQCz0iumGgPuIGttcuFCaHc8\nmBVH7D/yj8otzZAMyz91aiArooUlnzCO9xHtnwIv6qe5V4D4D8YuaIiv/tXD86tL\nVwE2TyfLeTpvHcclRAB+thhbYkVC2GgAbEOeA/JtSLGOhPbgrf/BKdjLTOEqsFJi\nqmpMrzEb08TG9CRiWo68LPu6GE84P3WFXVhC/s0ymlb5cITwTHKOwcVyu+8dIw1I\nwZ5atyWiFB040HeKe+kwxWHEG9L6NT3+R9cCTMpfYCdv4DcUlEt8WNtDcNJa5Cv1\nzVke99FdeG0PzuWmaymHrTRaAAIbjaARrp98mwxtJF1e2ANl9Qli9qiHqI4mX0Qw\n-----END CERTIFICATE-----\n"}